[2026-01-18 17:06:27] WARN  ظأبي╕  Redis not configured. Automation will run in-memory (fallback).
[2026-01-18 17:06:27] ERROR ظإî In-memory automation failed for TEST: automationEngine.trigger is not a function
node.exe : FAIL src/modules/automation/__tests__/production_patch.test.js
At line:1 char:1
+ & "C:\Program Files\nodejs/node.exe" "C:\Program Files\nodejs/node_mo ...
+ ~~~~~~~~~~~~~~~~~~~~~~~~~~~~~~~~~~~~~~~~~~~~~~~~~~~~~~~~~~~~~~~~~~~~~
    + CategoryInfo          : NotSpecified: (FAIL src/module...n_patch.test.js:String) [], Rem 
   oteException
    + FullyQualifiedErrorId : NativeCommandError
 
  Automation System Production Patch
    1. Recursion Guard
      ├ù should block execution if depth > 3 (2 ms)
      ظêأ should allow execution if depth <= 3 (1 ms)
    2. Idempotency
      ظêأ should generate unique eventId if missing (1 ms)
    3. Queue Service
      ├ù should run inline (setImmediate) if Redis is missing

  ظù Automation System Production Patch ظ║ 1. Recursion Guard ظ║ should block execution if 
depth > 3

    TypeError: automationEngine.trigger is not a function

    [0m [90m 34 |[39m     describe([32m'1. Recursion Guard'[39m[33m,[39m () 
[33m=>[39m {
     [90m 35 |[39m         it([32m'should block execution if depth > 3'[39m[33m,[39m 
[36masync[39m () [33m=>[39m {
    [31m[1m>[22m[39m[90m 36 |[39m             [36mconst[39m result [33m=[39m 
[36mawait[39m automationEngine[33m.[39mtrigger([32m'TEST_EVENT'[39m[33m,[39m 
{}[33m,[39m [32m'publisherId'[39m[33m,[39m {
     [90m    |[39m                                                   [31m[1m^[22m[39m
     [90m 37 |[39m                 depth[33m:[39m [35m4[39m
     [90m 38 |[39m             })[33m;[39m
     [90m 39 |[39m[0m

      at Object.<anonymous> (src/modules/automation/__tests__/production_patch.test.js:36:51)

  ظù Automation System Production Patch ظ║ 3. Queue Service ظ║ should run inline 
(setImmediate) if Redis is missing

    Property `trigger` does not exist in the provided object

    [0m [90m 74 |[39m             [33mAutomationQueue[39m[33m.[39misRedisAvailable 
[33m=[39m [36mfalse[39m[33m;[39m
     [90m 75 |[39m
    [31m[1m>[22m[39m[90m 76 |[39m             [36mconst[39m spyEngine [33m=[39m 
jest[33m.[39mspyOn(automationEngine[33m,[39m 
[32m'trigger'[39m)[33m.[39mmockResolvedValue({})[33m;[39m
     [90m    |[39m                                    [31m[1m^[22m[39m
     [90m 77 |[39m
     [90m 78 |[39m             [90m// We need to wait for setImmediate[39m
     [90m 79 |[39m             [36mawait[39m [36mnew[39m [33mPromise[39m(resolve 
[33m=>[39m {[0m

      at ModuleMocker.spyOn (node_modules/jest-mock/build/index.js:593:13)
      at Object.<anonymous> (src/modules/automation/__tests__/production_patch.test.js:76:36)

Test Suites: 1 failed, 1 total
Tests:       2 failed, 2 passed, 4 total
Snapshots:   0 total
Time:        1.553 s
Ran all test suites matching src/modules/automation/__tests__/production_patch.test.js.
Force exiting Jest: Have you considered using `--detectOpenHandles` to detect async operations 
that kept running after all tests finished?
